vendredi 9 octobre 2026 00:18:10 | Docteur démarré
vendredi 9 octobre 2026 00:18:17 | Téléphone chaud (41.1°C) : laisse-le refroidir
vendredi 9 octobre 2026 00:20:30 | Téléphone chaud (41.8°C) : laisse-le refroidir
vendredi 9 octobre 2026 00:39:32 | Docteur démarré
vendredi 9 octobre 2026 00:39:41 | Téléphone chaud (43.7°C) : laisse-le refroidir
vendredi 9 octobre 2026 00:40:54 | Téléphone chaud (45.0°C) : laisse-le refroidir
vendredi 9 octobre 2026 00:43:14 | Téléphone chaud (46.8°C) : laisse-le refroidir
vendredi 9 octobre 2026 00:45:30 | Téléphone chaud (46.9°C) : laisse-le refroidir
vendredi 9 octobre 2026 00:47:46 | Téléphone chaud (44.9°C) : laisse-le refroidir
vendredi 9 octobre 2026 00:51:05 | Téléphone chaud (44.5°C) : laisse-le refroidir
vendredi 9 octobre 2026 00:56:31 | Téléphone chaud (41.1°C) : laisse-le refroidir
vendredi 9 octobre 2026 00:59:50 | Téléphone chaud (40.3°C) : laisse-le refroidir
vendredi 9 octobre 2026 01:01:00 | Téléphone chaud (40.5°C) : laisse-le refroidir
vendredi 9 octobre 2026 01:03:15 | Téléphone chaud (42.1°C) : laisse-le refroidir
vendredi 9 octobre 2026 01:06:35 | Téléphone chaud (41.9°C) : laisse-le refroidir
vendredi 9 octobre 2026 01:10:56 | Téléphone chaud (40.5°C) : laisse-le refroidir
vendredi 9 octobre 2026 01:14:13 | Téléphone chaud (41.8°C) : laisse-le refroidir
vendredi 9 octobre 2026 01:17:32 | Téléphone chaud (43.0°C) : laisse-le refroidir
vendredi 9 octobre 2026 01:20:48 | Téléphone chaud (40.8°C) : laisse-le refroidir
vendredi 9 octobre 2026 01:21:58 | Téléphone chaud (40.0°C) : laisse-le refroidir
vendredi 9 octobre 2026 01:25:19 | Téléphone chaud (41.1°C) : laisse-le refroidir
vendredi 9 octobre 2026 01:29:41 | Téléphone chaud (40.8°C) : laisse-le refroidir
vendredi 9 octobre 2026 01:30:50 | Téléphone chaud (41.0°C) : laisse-le refroidir
vendredi 9 octobre 2026 01:40:28 | Téléphone chaud (40.2°C) : laisse-le refroidir
vendredi 9 octobre 2026 01:45:52 | Batterie à 30% : pense à charger | Téléphone chaud (40.7°C) : laisse-le refroidir
vendredi 9 octobre 2026 01:49:09 | Batterie à 29% : pense à charger | Téléphone chaud (40.8°C) : laisse-le refroidir
vendredi 9 octobre 2026 01:53:27 | Batterie à 28% : pense à charger | Téléphone chaud (41.1°C) : laisse-le refroidir
vendredi 9 octobre 2026 01:56:45 | Batterie à 27% : pense à charger | Téléphone chaud (41.4°C) : laisse-le refroidir
vendredi 9 octobre 2026 02:00:02 | Batterie à 26% : pense à charger | Téléphone chaud (40.5°C) : laisse-le refroidir
vendredi 9 octobre 2026 02:01:12 | Batterie à 26% : pense à charger | Téléphone chaud (40.6°C) : laisse-le refroidir
vendredi 9 octobre 2026 02:03:29 | Batterie à 26% : pense à charger
vendredi 9 octobre 2026 02:04:39 | Batterie à 25% : pense à charger
vendredi 9 octobre 2026 02:07:59 | Batterie à 24% : pense à charger | Téléphone chaud (40.7°C) : laisse-le refroidir
vendredi 9 octobre 2026 02:10:12 | Batterie à 24% : pense à charger
vendredi 9 octobre 2026 02:17:41 | Batterie à 23% : pense à charger
vendredi 9 octobre 2026 04:32:38 | Batterie à 80% : débranche le chargeur
vendredi 9 octobre 2026 04:34:50 | Batterie à 81% : débranche le chargeur
vendredi 9 octobre 2026 04:38:06 | Batterie à 82% : débranche le chargeur
vendredi 9 octobre 2026 04:40:18 | Batterie à 83% : débranche le chargeur
vendredi 9 octobre 2026 05:02:30 | Batterie à 83% : débranche le chargeur
vendredi 9 octobre 2026 05:04:43 | Batterie à 84% : débranche le chargeur
vendredi 9 octobre 2026 05:06:55 | Batterie à 85% : débranche le chargeur
vendredi 9 octobre 2026 05:09:08 | Batterie à 86% : débranche le chargeur
vendredi 9 octobre 2026 05:11:20 | Batterie à 87% : débranche le chargeur
vendredi 9 octobre 2026 05:16:42 | Batterie à 88% : débranche le chargeur
vendredi 9 octobre 2026 05:18:54 | Batterie à 89% : débranche le chargeur
vendredi 9 octobre 2026 05:21:07 | Batterie à 90% : débranche le chargeur
vendredi 9 octobre 2026 05:37:47 | Téléphone chaud (40.6°C) : laisse-le refroidir
vendredi 9 octobre 2026 05:53:58 | Téléphone chaud (40.8°C) : laisse-le refroidir
vendredi 9 octobre 2026 05:55:08 | Téléphone chaud (40.3°C) : laisse-le refroidir
vendredi 9 octobre 2026 06:01:40 | Téléphone chaud (40.3°C) : laisse-le refroidir
vendredi 9 octobre 2026 07:20:30 | Téléphone chaud (41.8°C) : laisse-le refroidir
vendredi 9 octobre 2026 07:22:43 | Téléphone chaud (40.7°C) : laisse-le refroidir
vendredi 9 octobre 2026 07:23:52 | Téléphone chaud (40.0°C) : laisse-le refroidir
vendredi 9 octobre 2026 07:25:07 | Téléphone chaud (40.3°C) : laisse-le refroidir
vendredi 9 octobre 2026 07:26:16 | Téléphone chaud (40.5°C) : laisse-le refroidir
vendredi 9 octobre 2026 07:35:55 | Téléphone chaud (40.9°C) : laisse-le refroidir
vendredi 9 octobre 2026 07:49:50 | 1 installateur(s) .apk à supprimer dans Download
vendredi 9 octobre 2026 09:22:42 | Téléphone chaud (41.8°C) : laisse-le refroidir | 1 installateur(s) .apk à supprimer dans Download
vendredi 9 octobre 2026 09:23:55 | Téléphone chaud (42.8°C) : laisse-le refroidir | 1 installateur(s) .apk à supprimer dans Download
vendredi 9 octobre 2026 09:25:04 | Téléphone chaud (43.5°C) : laisse-le refroidir | 1 installateur(s) .apk à supprimer dans Download
vendredi 9 octobre 2026 09:28:25 | Téléphone chaud (42.5°C) : laisse-le refroidir | 1 installateur(s) .apk à supprimer dans Download
vendredi 9 octobre 2026 09:30:39 | Téléphone chaud (44.3°C) : laisse-le refroidir | 1 installateur(s) .apk à supprimer dans Download
vendredi 9 octobre 2026 09:32:53 | Téléphone chaud (44.7°C) : laisse-le refroidir | 1 installateur(s) .apk à supprimer dans Download
vendredi 9 octobre 2026 09:34:05 | Téléphone chaud (45.1°C) : laisse-le refroidir | 1 installateur(s) .apk à supprimer dans Download
vendredi 9 octobre 2026 09:35:22 | Téléphone chaud (47.1°C) : laisse-le refroidir | 1 installateur(s) .apk à supprimer dans Download
vendredi 9 octobre 2026 09:36:33 | Téléphone chaud (47.9°C) : laisse-le refroidir | 1 installateur(s) .apk à supprimer dans Download
